Archive member included to satisfy reference by file (symbol)

d:/gcc-arm-none-eabi-10.3-2021.10-win32/gcc-arm-none-eabi-10.3-2021.10/bin/../lib/gcc/arm-none-eabi/10.3.1/../../../../arm-none-eabi/lib/thumb/v7e-m/nofp\libg.a(lib_a-errno.o)
                              CMakeFiles/STM32Project1.elf.dir/Libraries/IORetarget/Source/syscalls.c.obj (__errno)
d:/gcc-arm-none-eabi-10.3-2021.10-win32/gcc-arm-none-eabi-10.3-2021.10/bin/../lib/gcc/arm-none-eabi/10.3.1/../../../../arm-none-eabi/lib/thumb/v7e-m/nofp\libg.a(lib_a-exit.o)
                              d:/gcc-arm-none-eabi-10.3-2021.10-win32/gcc-arm-none-eabi-10.3-2021.10/bin/../lib/gcc/arm-none-eabi/10.3.1/../../../../arm-none-eabi/lib/thumb/v7e-m/nofp/crt0.o (exit)
d:/gcc-arm-none-eabi-10.3-2021.10-win32/gcc-arm-none-eabi-10.3-2021.10/bin/../lib/gcc/arm-none-eabi/10.3.1/../../../../arm-none-eabi/lib/thumb/v7e-m/nofp\libg.a(lib_a-impure.o)
                              d:/gcc-arm-none-eabi-10.3-2021.10-win32/gcc-arm-none-eabi-10.3-2021.10/bin/../lib/gcc/arm-none-eabi/10.3.1/../../../../arm-none-eabi/lib/thumb/v7e-m/nofp\libg.a(lib_a-exit.o) (_global_impure_ptr)
d:/gcc-arm-none-eabi-10.3-2021.10-win32/gcc-arm-none-eabi-10.3-2021.10/bin/../lib/gcc/arm-none-eabi/10.3.1/../../../../arm-none-eabi/lib/thumb/v7e-m/nofp\libg.a(lib_a-init.o)
                              d:/gcc-arm-none-eabi-10.3-2021.10-win32/gcc-arm-none-eabi-10.3-2021.10/bin/../lib/gcc/arm-none-eabi/10.3.1/../../../../arm-none-eabi/lib/thumb/v7e-m/nofp/crt0.o (__libc_init_array)
d:/gcc-arm-none-eabi-10.3-2021.10-win32/gcc-arm-none-eabi-10.3-2021.10/bin/../lib/gcc/arm-none-eabi/10.3.1/../../../../arm-none-eabi/lib/thumb/v7e-m/nofp\libg.a(lib_a-memset.o)
                              d:/gcc-arm-none-eabi-10.3-2021.10-win32/gcc-arm-none-eabi-10.3-2021.10/bin/../lib/gcc/arm-none-eabi/10.3.1/../../../../arm-none-eabi/lib/thumb/v7e-m/nofp/crt0.o (memset)
d:/gcc-arm-none-eabi-10.3-2021.10-win32/gcc-arm-none-eabi-10.3-2021.10/bin/../lib/gcc/arm-none-eabi/10.3.1/../../../../arm-none-eabi/lib/thumb/v7e-m/nofp\libg.a(lib_a-setvbuf.o)
                              CMakeFiles/STM32Project1.elf.dir/Libraries/IORetarget/Source/retarget.c.obj (setvbuf)
d:/gcc-arm-none-eabi-10.3-2021.10-win32/gcc-arm-none-eabi-10.3-2021.10/bin/../lib/gcc/arm-none-eabi/10.3.1/../../../../arm-none-eabi/lib/thumb/v7e-m/nofp\libg.a(lib_a-__call_atexit.o)
                              d:/gcc-arm-none-eabi-10.3-2021.10-win32/gcc-arm-none-eabi-10.3-2021.10/bin/../lib/gcc/arm-none-eabi/10.3.1/../../../../arm-none-eabi/lib/thumb/v7e-m/nofp\libg.a(lib_a-exit.o) (__call_exitprocs)
d:/gcc-arm-none-eabi-10.3-2021.10-win32/gcc-arm-none-eabi-10.3-2021.10/bin/../lib/gcc/arm-none-eabi/10.3.1/../../../../arm-none-eabi/lib/thumb/v7e-m/nofp\libg.a(lib_a-atexit.o)
                              d:/gcc-arm-none-eabi-10.3-2021.10-win32/gcc-arm-none-eabi-10.3-2021.10/bin/../lib/gcc/arm-none-eabi/10.3.1/../../../../arm-none-eabi/lib/thumb/v7e-m/nofp\libg.a(lib_a-__call_atexit.o) (atexit)
d:/gcc-arm-none-eabi-10.3-2021.10-win32/gcc-arm-none-eabi-10.3-2021.10/bin/../lib/gcc/arm-none-eabi/10.3.1/../../../../arm-none-eabi/lib/thumb/v7e-m/nofp\libg.a(lib_a-fflush.o)
                              d:/gcc-arm-none-eabi-10.3-2021.10-win32/gcc-arm-none-eabi-10.3-2021.10/bin/../lib/gcc/arm-none-eabi/10.3.1/../../../../arm-none-eabi/lib/thumb/v7e-m/nofp\libg.a(lib_a-setvbuf.o) (_fflush_r)
d:/gcc-arm-none-eabi-10.3-2021.10-win32/gcc-arm-none-eabi-10.3-2021.10/bin/../lib/gcc/arm-none-eabi/10.3.1/../../../../arm-none-eabi/lib/thumb/v7e-m/nofp\libg.a(lib_a-findfp.o)
                              d:/gcc-arm-none-eabi-10.3-2021.10-win32/gcc-arm-none-eabi-10.3-2021.10/bin/../lib/gcc/arm-none-eabi/10.3.1/../../../../arm-none-eabi/lib/thumb/v7e-m/nofp\libg.a(lib_a-setvbuf.o) (__sinit)
d:/gcc-arm-none-eabi-10.3-2021.10-win32/gcc-arm-none-eabi-10.3-2021.10/bin/../lib/gcc/arm-none-eabi/10.3.1/../../../../arm-none-eabi/lib/thumb/v7e-m/nofp\libg.a(lib_a-fini.o)
                              d:/gcc-arm-none-eabi-10.3-2021.10-win32/gcc-arm-none-eabi-10.3-2021.10/bin/../lib/gcc/arm-none-eabi/10.3.1/../../../../arm-none-eabi/lib/thumb/v7e-m/nofp\libg.a(lib_a-__call_atexit.o) (__libc_fini_array)
d:/gcc-arm-none-eabi-10.3-2021.10-win32/gcc-arm-none-eabi-10.3-2021.10/bin/../lib/gcc/arm-none-eabi/10.3.1/../../../../arm-none-eabi/lib/thumb/v7e-m/nofp\libg.a(lib_a-freer.o)
                              d:/gcc-arm-none-eabi-10.3-2021.10-win32/gcc-arm-none-eabi-10.3-2021.10/bin/../lib/gcc/arm-none-eabi/10.3.1/../../../../arm-none-eabi/lib/thumb/v7e-m/nofp\libg.a(lib_a-setvbuf.o) (_free_r)
d:/gcc-arm-none-eabi-10.3-2021.10-win32/gcc-arm-none-eabi-10.3-2021.10/bin/../lib/gcc/arm-none-eabi/10.3.1/../../../../arm-none-eabi/lib/thumb/v7e-m/nofp\libg.a(lib_a-fwalk.o)
                              d:/gcc-arm-none-eabi-10.3-2021.10-win32/gcc-arm-none-eabi-10.3-2021.10/bin/../lib/gcc/arm-none-eabi/10.3.1/../../../../arm-none-eabi/lib/thumb/v7e-m/nofp\libg.a(lib_a-findfp.o) (_fwalk)
[...]
Memory Configuration

Name             Origin             Length             Attributes
CCMRAM           0x10000000         0x00010000         xrw
RAM              0x20000000         0x00020000         xrw
FLASH            0x08000000         0x00100000         xr
*default*        0x00000000         0xffffffff

Linker script and memory map

LOAD d:/gcc-arm-none-eabi-10.3-2021.10-win32/gcc-arm-none-eabi-10.3-2021.10/bin/../lib/gcc/arm-none-eabi/10.3.1/thumb/v7e-m/nofp/crti.o
LOAD d:/gcc-arm-none-eabi-10.3-2021.10-win32/gcc-arm-none-eabi-10.3-2021.10/bin/../lib/gcc/arm-none-eabi/10.3.1/thumb/v7e-m/nofp/crtbegin.o
LOAD d:/gcc-arm-none-eabi-10.3-2021.10-win32/gcc-arm-none-eabi-10.3-2021.10/bin/../lib/gcc/arm-none-eabi/10.3.1/../../../../arm-none-eabi/lib/thumb/v7e-m/nofp/crt0.o
LOAD CMakeFiles/STM32Project1.elf.dir/Libraries/CMSIS/Device/ST/STM32F4xx/Source/Templates/arm/startup_stm32f407zgtx.s.obj
LOAD CMakeFiles/STM32Project1.elf.dir/Libraries/CMSIS/Device/ST/STM32F4xx/Source/Templates/system_stm32f4xx.c.obj
LOAD CMakeFiles/STM32Project1.elf.dir/Libraries/IORetarget/Source/retarget.c.obj
LOAD CMakeFiles/STM32Project1.elf.dir/Libraries/IORetarget/Source/syscalls.c.obj
LOAD CMakeFiles/STM32Project1.elf.dir/Libraries/STM32F4xx_StdPeriph_Driver/src/misc.c.obj
LOAD CMakeFiles/STM32Project1.elf.dir/Libraries/STM32F4xx_StdPeriph_Driver/src/stm32f4xx_adc.c.obj
LOAD CMakeFiles/STM32Project1.elf.dir/Libraries/STM32F4xx_StdPeriph_Driver/src/stm32f4xx_can.c.obj
LOAD CMakeFiles/STM32Project1.elf.dir/Libraries/STM32F4xx_StdPeriph_Driver/src/stm32f4xx_cec.c.obj
LOAD CMakeFiles/STM32Project1.elf.dir/Libraries/STM32F4xx_StdPeriph_Driver/src/stm32f4xx_crc.c.obj
LOAD CMakeFiles/STM32Project1.elf.dir/Libraries/STM32F4xx_StdPeriph_Driver/src/stm32f4xx_cryp.c.obj
LOAD CMakeFiles/STM32Project1.elf.dir/Libraries/STM32F4xx_StdPeriph_Driver/src/stm32f4xx_cryp_aes.c.obj
LOAD CMakeFiles/STM32Project1.elf.dir/Libraries/STM32F4xx_StdPeriph_Driver/src/stm32f4xx_cryp_des.c.obj
LOAD CMakeFiles/STM32Project1.elf.dir/Libraries/STM32F4xx_StdPeriph_Driver/src/stm32f4xx_cryp_tdes.c.obj
LOAD CMakeFiles/STM32Project1.elf.dir/Libraries/STM32F4xx_StdPeriph_Driver/src/stm32f4xx_dac.c.obj
LOAD CMakeFiles/STM32Project1.elf.dir/Libraries/STM32F4xx_StdPeriph_Driver/src/stm32f4xx_dbgmcu.c.obj
LOAD CMakeFiles/STM32Project1.elf.dir/Libraries/STM32F4xx_StdPeriph_Driver/src/stm32f4xx_dcmi.c.obj
LOAD CMakeFiles/STM32Project1.elf.dir/Libraries/STM32F4xx_StdPeriph_Driver/src/stm32f4xx_dfsdm.c.obj
LOAD CMakeFiles/STM32Project1.elf.dir/Libraries/STM32F4xx_StdPeriph_Driver/src/stm32f4xx_dma.c.obj
LOAD CMakeFiles/STM32Project1.elf.dir/Libraries/STM32F4xx_StdPeriph_Driver/src/stm32f4xx_dma2d.c.obj
LOAD CMakeFiles/STM32Project1.elf.dir/Libraries/STM32F4xx_StdPeriph_Driver/src/stm32f4xx_dsi.c.obj
LOAD CMakeFiles/STM32Project1.elf.dir/Libraries/STM32F4xx_StdPeriph_Driver/src/stm32f4xx_exti.c.obj
LOAD CMakeFiles/STM32Project1.elf.dir/Libraries/STM32F4xx_StdPeriph_Driver/src/stm32f4xx_flash.c.obj
LOAD CMakeFiles/STM32Project1.elf.dir/Libraries/STM32F4xx_StdPeriph_Driver/src/stm32f4xx_flash_ramfunc.c.obj
LOAD CMakeFiles/STM32Project1.elf.dir/Libraries/STM32F4xx_StdPeriph_Driver/src/stm32f4xx_fmpi2c.c.obj
LOAD CMakeFiles/STM32Project1.elf.dir/Libraries/STM32F4xx_StdPeriph_Driver/src/stm32f4xx_fsmc.c.obj
LOAD CMakeFiles/STM32Project1.elf.dir/Libraries/STM32F4xx_StdPeriph_Driver/src/stm32f4xx_gpio.c.obj
LOAD CMakeFiles/STM32Project1.elf.dir/Libraries/STM32F4xx_StdPeriph_Driver/src/stm32f4xx_hash.c.obj
LOAD CMakeFiles/STM32Project1.elf.dir/Libraries/STM32F4xx_StdPeriph_Driver/src/stm32f4xx_hash_md5.c.obj
LOAD CMakeFiles/STM32Project1.elf.dir/Libraries/STM32F4xx_StdPeriph_Driver/src/stm32f4xx_hash_sha1.c.obj
LOAD CMakeFiles/STM32Project1.elf.dir/Libraries/STM32F4xx_StdPeriph_Driver/src/stm32f4xx_i2c.c.obj
LOAD CMakeFiles/STM32Project1.elf.dir/Libraries/STM32F4xx_StdPeriph_Driver/src/stm32f4xx_iwdg.c.obj
LOAD CMakeFiles/STM32Project1.elf.dir/Libraries/STM32F4xx_StdPeriph_Driver/src/stm32f4xx_lptim.c.obj
LOAD CMakeFiles/STM32Project1.elf.dir/Libraries/STM32F4xx_StdPeriph_Driver/src/stm32f4xx_ltdc.c.obj
LOAD CMakeFiles/STM32Project1.elf.dir/Libraries/STM32F4xx_StdPeriph_Driver/src/stm32f4xx_pwr.c.obj
LOAD CMakeFiles/STM32Project1.elf.dir/Libraries/STM32F4xx_StdPeriph_Driver/src/stm32f4xx_qspi.c.obj
LOAD CMakeFiles/STM32Project1.elf.dir/Libraries/STM32F4xx_StdPeriph_Driver/src/stm32f4xx_rcc.c.obj
LOAD CMakeFiles/STM32Project1.elf.dir/Libraries/STM32F4xx_StdPeriph_Driver/src/stm32f4xx_rng.c.obj
LOAD CMakeFiles/STM32Project1.elf.dir/Libraries/STM32F4xx_StdPeriph_Driver/src/stm32f4xx_rtc.c.obj
LOAD CMakeFiles/STM32Project1.elf.dir/Libraries/STM32F4xx_StdPeriph_Driver/src/stm32f4xx_sai.c.obj
LOAD CMakeFiles/STM32Project1.elf.dir/Libraries/STM32F4xx_StdPeriph_Driver/src/stm32f4xx_sdio.c.obj
LOAD CMakeFiles/STM32Project1.elf.dir/Libraries/STM32F4xx_StdPeriph_Driver/src/stm32f4xx_spdifrx.c.obj
LOAD CMakeFiles/STM32Project1.elf.dir/Libraries/STM32F4xx_StdPeriph_Driver/src/stm32f4xx_spi.c.obj
LOAD CMakeFiles/STM32Project1.elf.dir/Libraries/STM32F4xx_StdPeriph_Driver/src/stm32f4xx_syscfg.c.obj
LOAD CMakeFiles/STM32Project1.elf.dir/Libraries/STM32F4xx_StdPeriph_Driver/src/stm32f4xx_tim.c.obj
LOAD CMakeFiles/STM32Project1.elf.dir/Libraries/STM32F4xx_StdPeriph_Driver/src/stm32f4xx_usart.c.obj
LOAD CMakeFiles/STM32Project1.elf.dir/Libraries/STM32F4xx_StdPeriph_Driver/src/stm32f4xx_wwdg.c.obj
LOAD CMakeFiles/STM32Project1.elf.dir/User/Source/bsp_led.c.obj
LOAD CMakeFiles/STM32Project1.elf.dir/User/Source/main.c.obj
LOAD CMakeFiles/STM32Project1.elf.dir/User/Source/stm32f4xx_it.c.obj
START GROUP
LOAD d:/gcc-arm-none-eabi-10.3-2021.10-win32/gcc-arm-none-eabi-10.3-2021.10/bin/../lib/gcc/arm-none-eabi/10.3.1/thumb/v7e-m/nofp\libgcc.a
LOAD d:/gcc-arm-none-eabi-10.3-2021.10-win32/gcc-arm-none-eabi-10.3-2021.10/bin/../lib/gcc/arm-none-eabi/10.3.1/../../../../arm-none-eabi/lib/thumb/v7e-m/nofp\libg.a
LOAD d:/gcc-arm-none-eabi-10.3-2021.10-win32/gcc-arm-none-eabi-10.3-2021.10/bin/../lib/gcc/arm-none-eabi/10.3.1/../../../../arm-none-eabi/lib/thumb/v7e-m/nofp\libc.a
END GROUP
LOAD d:/gcc-arm-none-eabi-10.3-2021.10-win32/gcc-arm-none-eabi-10.3-2021.10/bin/../lib/gcc/arm-none-eabi/10.3.1/thumb/v7e-m/nofp/crtend.o
LOAD d:/gcc-arm-none-eabi-10.3-2021.10-win32/gcc-arm-none-eabi-10.3-2021.10/bin/../lib/gcc/arm-none-eabi/10.3.1/thumb/v7e-m/nofp/crtn.o
                0x20020000                _estack = (ORIGIN (RAM) + LENGTH (RAM))
                0x00000200                _Min_Heap_Size = 0x200
                0x00000400                _Min_Stack_Size = 0x400

.isr_vector     0x08000000      0x188
                0x08000000                . = ALIGN (0x4)
 *(.isr_vector)
 .isr_vector    0x08000000      0x188 CMakeFiles/STM32Project1.elf.dir/Libraries/CMSIS/Device/ST/STM32F4xx/Source/Templates/arm/startup_stm32f407zgtx.s.obj
                0x08000000                g_pfnVectors
                0x08000188                . = ALIGN (0x4)

.text           0x08000188      0x500
                0x08000188                . = ALIGN (0x4)
 *(.text)
 .text          0x08000188       0x40 d:/gcc-arm-none-eabi-10.3-2021.10-win32/gcc-arm-none-eabi-10.3-2021.10/bin/../lib/gcc/arm-none-eabi/10.3.1/thumb/v7e-m/nofp/crtbegin.o
 *(.text*)
 .text.Reset_Handler
                0x080001c8       0x50 CMakeFiles/STM32Project1.elf.dir/Libraries/CMSIS/Device/ST/STM32F4xx/Source/Templates/arm/startup_stm32f407zgtx.s.obj
                0x080001c8                Reset_Handler
 .text.Default_Handler
                0x08000218        0x2 CMakeFiles/STM32Project1.elf.dir/Libraries/CMSIS/Device/ST/STM32F4xx/Source/Templates/arm/startup_stm32f407zgtx.s.obj
                0x08000218                RTC_Alarm_IRQHandler
                0x08000218                HASH_RNG_IRQHandler
                0x08000218                EXTI2_IRQHandler
                0x08000218                TIM8_CC_IRQHandler
                0x08000218                TIM1_CC_IRQHandler
                0x08000218                DMA2_Stream5_IRQHandler
                0x08000218                DMA1_Stream5_IRQHandler
                0x08000218                PVD_IRQHandler
                0x08000218                SDIO_IRQHandler
                0x08000218                TAMP_STAMP_IRQHandler
                0x08000218                CAN2_RX1_IRQHandler
                0x08000218                EXTI3_IRQHandler
                0x08000218                TIM8_TRG_COM_TIM14_IRQHandler
                0x08000218                TIM1_UP_TIM10_IRQHandler
                0x08000218                TIM8_UP_TIM13_IRQHandler
                0x08000218                I2C3_ER_IRQHandler
                0x08000218                EXTI0_IRQHandler
                0x08000218                I2C2_EV_IRQHandler
                0x08000218                DMA1_Stream2_IRQHandler
                0x08000218                CAN1_RX0_IRQHandler
                0x08000218                FPU_IRQHandler
                0x08000218                OTG_HS_WKUP_IRQHandler
                0x08000218                CAN2_SCE_IRQHandler
                0x08000218                DMA2_Stream2_IRQHandler
                0x08000218                SPI1_IRQHandler
                0x08000218                TIM6_DAC_IRQHandler
                0x08000218                TIM1_BRK_TIM9_IRQHandler
                0x08000218                DCMI_IRQHandler
                0x08000218                CAN2_RX0_IRQHandler
                0x08000218                DMA2_Stream3_IRQHandler
                0x08000218                USART6_IRQHandler
                0x08000218                USART3_IRQHandler
                0x08000218                CAN1_RX1_IRQHandler
                0x08000218                UART5_IRQHandler
                0x08000218                DMA2_Stream0_IRQHandler
                0x08000218                TIM4_IRQHandler
                0x08000218                I2C1_EV_IRQHandler
                0x08000218                DMA1_Stream6_IRQHandler
                0x08000218                DMA1_Stream1_IRQHandler
                0x08000218                UART4_IRQHandler
                0x08000218                TIM3_IRQHandler
                0x08000218                RCC_IRQHandler
                0x08000218                TIM8_BRK_TIM12_IRQHandler
                0x08000218                Default_Handler
                0x08000218                EXTI15_10_IRQHandler
                0x08000218                ADC_IRQHandler
                0x08000218                DMA1_Stream7_IRQHandler
                0x08000218                TIM7_IRQHandler
                0x08000218                CAN2_TX_IRQHandler
                0x08000218                TIM5_IRQHandler
                0x08000218                DMA2_Stream7_IRQHandler
                0x08000218                I2C3_EV_IRQHandler
                0x08000218                EXTI9_5_IRQHandler
                0x08000218                RTC_WKUP_IRQHandler
                0x08000218                ETH_WKUP_IRQHandler
                0x08000218                SPI2_IRQHandler
                0x08000218                OTG_HS_EP1_IN_IRQHandler
                0x08000218                DMA1_Stream0_IRQHandler
                0x08000218                CAN1_TX_IRQHandler
                0x08000218                EXTI4_IRQHandler
                0x08000218                FSMC_IRQHandler
                0x08000218                ETH_IRQHandler
                0x08000218                OTG_HS_EP1_OUT_IRQHandler
                0x08000218                WWDG_IRQHandler
                0x08000218                TIM2_IRQHandler
                0x08000218                OTG_FS_WKUP_IRQHandler
                0x08000218                TIM1_TRG_COM_TIM11_IRQHandler
                0x08000218                OTG_HS_IRQHandler
                0x08000218                EXTI1_IRQHandler
                0x08000218                USART2_IRQHandler
                0x08000218                I2C2_ER_IRQHandler
                0x08000218                DMA2_Stream1_IRQHandler
                0x08000218                CAN1_SCE_IRQHandler
                0x08000218                FLASH_IRQHandler
                0x08000218                DMA2_Stream4_IRQHandler
                0x08000218                USART1_IRQHandler
                0x08000218                OTG_FS_IRQHandler
                0x08000218                SPI3_IRQHandler
                0x08000218                DMA1_Stream4_IRQHandler
                0x08000218                I2C1_ER_IRQHandler
                0x08000218                DMA2_Stream6_IRQHandler
                0x08000218                DMA1_Stream3_IRQHandler
 *fill*         0x0800021a        0x2 
 .text.SetSysClock
                0x0800021c       0xc4 CMakeFiles/STM32Project1.elf.dir/Libraries/CMSIS/Device/ST/STM32F4xx/Source/Templates/system_stm32f4xx.c.obj
 .text.SystemInit
                0x080002e0       0x44 CMakeFiles/STM32Project1.elf.dir/Libraries/CMSIS/Device/ST/STM32F4xx/Source/Templates/system_stm32f4xx.c.obj
                0x080002e0                SystemInit
 .text.GPIO_Init
                0x08000324       0xa6 CMakeFiles/STM32Project1.elf.dir/Libraries/STM32F4xx_StdPeriph_Driver/src/stm32f4xx_gpio.c.obj
                0x08000324                GPIO_Init
 .text.GPIO_SetBits
                0x080003ca        0x4 CMakeFiles/STM32Project1.elf.dir/Libraries/STM32F4xx_StdPeriph_Driver/src/stm32f4xx_gpio.c.obj
                0x080003ca                GPIO_SetBits
 .text.GPIO_ResetBits
                0x080003ce        0x4 CMakeFiles/STM32Project1.elf.dir/Libraries/STM32F4xx_StdPeriph_Driver/src/stm32f4xx_gpio.c.obj
                0x080003ce                GPIO_ResetBits
 *fill*         0x080003d2        0x2 
 .text.RCC_AHB1PeriphClockCmd
                0x080003d4       0x1c CMakeFiles/STM32Project1.elf.dir/Libraries/STM32F4xx_StdPeriph_Driver/src/stm32f4xx_rcc.c.obj
                0x080003d4                RCC_AHB1PeriphClockCmd
 .text.LED_GPIO_Config
                0x080003f0       0x58 CMakeFiles/STM32Project1.elf.dir/User/Source/bsp_led.c.obj
                0x080003f0                LED_GPIO_Config
 .text.Delay    0x08000448       0x16 CMakeFiles/STM32Project1.elf.dir/User/Source/main.c.obj
                0x08000448                Delay
 *fill*         0x0800045e        0x2 
 .text.main     0x08000460       0xd4 CMakeFiles/STM32Project1.elf.dir/User/Source/main.c.obj
                0x08000460                main
 .text.NMI_Handler
                0x08000534        0x2 CMakeFiles/STM32Project1.elf.dir/User/Source/stm32f4xx_it.c.obj
                0x08000534                NMI_Handler
 .text.HardFault_Handler
                0x08000536        0x2 CMakeFiles/STM32Project1.elf.dir/User/Source/stm32f4xx_it.c.obj
                0x08000536                HardFault_Handler
 .text.MemManage_Handler
                0x08000538        0x2 CMakeFiles/STM32Project1.elf.dir/User/Source/stm32f4xx_it.c.obj
                0x08000538                MemManage_Handler
 .text.BusFault_Handler
                0x0800053a        0x2 CMakeFiles/STM32Project1.elf.dir/User/Source/stm32f4xx_it.c.obj
                0x0800053a                BusFault_Handler
 .text.UsageFault_Handler
                0x0800053c        0x2 CMakeFiles/STM32Project1.elf.dir/User/Source/stm32f4xx_it.c.obj
                0x0800053c                UsageFault_Handler
 .text.DebugMon_Handler
                0x0800053e        0x2 CMakeFiles/STM32Project1.elf.dir/User/Source/stm32f4xx_it.c.obj
                0x0800053e                DebugMon_Handler
 .text.SVC_Handler
                0x08000540        0x2 CMakeFiles/STM32Project1.elf.dir/User/Source/stm32f4xx_it.c.obj
                0x08000540                SVC_Handler
 .text.PendSV_Handler
                0x08000542        0x2 CMakeFiles/STM32Project1.elf.dir/User/Source/stm32f4xx_it.c.obj
                0x08000542                PendSV_Handler
 .text.SysTick_Handler
                0x08000544        0x2 CMakeFiles/STM32Project1.elf.dir/User/Source/stm32f4xx_it.c.obj
                0x08000544                SysTick_Handler
 *fill*         0x08000546        0x2 
 .text.__libc_init_array
                0x08000548       0x48 d:/gcc-arm-none-eabi-10.3-2021.10-win32/gcc-arm-none-eabi-10.3-2021.10/bin/../lib/gcc/arm-none-eabi/10.3.1/../../../../arm-none-eabi/lib/thumb/v7e-m/nofp\libg.a(lib_a-init.o)
                0x08000548                __libc_init_array
 .text.startup.register_fini
                0x08000590       0x14 d:/gcc-arm-none-eabi-10.3-2021.10-win32/gcc-arm-none-eabi-10.3-2021.10/bin/../lib/gcc/arm-none-eabi/10.3.1/../../../../arm-none-eabi/lib/thumb/v7e-m/nofp\libg.a(lib_a-__call_atexit.o)
 .text.atexit   0x080005a4        0xc d:/gcc-arm-none-eabi-10.3-2021.10-win32/gcc-arm-none-eabi-10.3-2021.10/bin/../lib/gcc/arm-none-eabi/10.3.1/../../../../arm-none-eabi/lib/thumb/v7e-m/nofp\libg.a(lib_a-atexit.o)
                0x080005a4                atexit
 .text.__libc_fini_array
                0x080005b0       0x2c d:/gcc-arm-none-eabi-10.3-2021.10-win32/gcc-arm-none-eabi-10.3-2021.10/bin/../lib/gcc/arm-none-eabi/10.3.1/../../../../arm-none-eabi/lib/thumb/v7e-m/nofp\libg.a(lib_a-fini.o)
                0x080005b0                __libc_fini_array
 .text.__retarget_lock_acquire_recursive
                0x080005dc        0x4 d:/gcc-arm-none-eabi-10.3-2021.10-win32/gcc-arm-none-eabi-10.3-2021.10/bin/../lib/gcc/arm-none-eabi/10.3.1/../../../../arm-none-eabi/lib/thumb/v7e-m/nofp\libg.a(lib_a-lock.o)
                0x080005dc                __retarget_lock_acquire_recursive
 .text.__retarget_lock_release_recursive
                0x080005e0        0x4 d:/gcc-arm-none-eabi-10.3-2021.10-win32/gcc-arm-none-eabi-10.3-2021.10/bin/../lib/gcc/arm-none-eabi/10.3.1/../../../../arm-none-eabi/lib/thumb/v7e-m/nofp\libg.a(lib_a-lock.o)
                0x080005e0                __retarget_lock_release_recursive
 .text.__register_exitproc
                0x080005e4       0x8c d:/gcc-arm-none-eabi-10.3-2021.10-win32/gcc-arm-none-eabi-10.3-2021.10/bin/../lib/gcc/arm-none-eabi/10.3.1/../../../../arm-none-eabi/lib/thumb/v7e-m/nofp\libg.a(lib_a-__atexit.o)
                0x080005e4                __register_exitproc
 *(.glue_7)
 .glue_7        0x08000670        0x0 linker stubs
 *(.glue_7t)
 .glue_7t       0x08000670        0x0 linker stubs
 *(.eh_frame)
 .eh_frame      0x08000670        0x0 d:/gcc-arm-none-eabi-10.3-2021.10-win32/gcc-arm-none-eabi-10.3-2021.10/bin/../lib/gcc/arm-none-eabi/10.3.1/thumb/v7e-m/nofp/crtbegin.o
 *(.init)
 .init          0x08000670        0x4 d:/gcc-arm-none-eabi-10.3-2021.10-win32/gcc-arm-none-eabi-10.3-2021.10/bin/../lib/gcc/arm-none-eabi/10.3.1/thumb/v7e-m/nofp/crti.o
                0x08000670                _init
 .init          0x08000674        0x8 d:/gcc-arm-none-eabi-10.3-2021.10-win32/gcc-arm-none-eabi-10.3-2021.10/bin/../lib/gcc/arm-none-eabi/10.3.1/thumb/v7e-m/nofp/crtn.o
 *(.fini)
 .fini          0x0800067c        0x4 d:/gcc-arm-none-eabi-10.3-2021.10-win32/gcc-arm-none-eabi-10.3-2021.10/bin/../lib/gcc/arm-none-eabi/10.3.1/thumb/v7e-m/nofp/crti.o
                0x0800067c                _fini
 .fini          0x08000680        0x8 d:/gcc-arm-none-eabi-10.3-2021.10-win32/gcc-arm-none-eabi-10.3-2021.10/bin/../lib/gcc/arm-none-eabi/10.3.1/thumb/v7e-m/nofp/crtn.o
                0x08000688                . = ALIGN (0x4)
                0x08000688                _etext = .

.vfp11_veneer   0x08000688        0x0
 .vfp11_veneer  0x08000688        0x0 linker stubs

.v4_bx          0x08000688        0x0
 .v4_bx         0x08000688        0x0 linker stubs

.iplt           0x08000688        0x0
 .iplt          0x08000688        0x0 d:/gcc-arm-none-eabi-10.3-2021.10-win32/gcc-arm-none-eabi-10.3-2021.10/bin/../lib/gcc/arm-none-eabi/10.3.1/thumb/v7e-m/nofp/crtbegin.o

.rodata         0x08000688        0x4
                0x08000688                . = ALIGN (0x4)
 *(.rodata)
 *(.rodata*)
 .rodata._global_impure_ptr
                0x08000688        0x4 d:/gcc-arm-none-eabi-10.3-2021.10-win32/gcc-arm-none-eabi-10.3-2021.10/bin/../lib/gcc/arm-none-eabi/10.3.1/../../../../arm-none-eabi/lib/thumb/v7e-m/nofp\libg.a(lib_a-impure.o)
                0x08000688                _global_impure_ptr
                0x0800068c                . = ALIGN (0x4)

.rel.dyn        0x0800068c        0x0
 .rel.iplt      0x0800068c        0x0 d:/gcc-arm-none-eabi-10.3-2021.10-win32/gcc-arm-none-eabi-10.3-2021.10/bin/../lib/gcc/arm-none-eabi/10.3.1/thumb/v7e-m/nofp/crtbegin.o

.ARM.extab      0x0800068c        0x0
                0x0800068c                . = ALIGN (0x4)
 *(.ARM.extab* .gnu.linkonce.armextab.*)
                0x0800068c                . = ALIGN (0x4)

.ARM            0x0800068c        0x0
                0x0800068c                . = ALIGN (0x4)
                0x0800068c                __exidx_start = .
 *(.ARM.exidx*)
                0x0800068c                __exidx_end = .
                0x0800068c                . = ALIGN (0x4)

.preinit_array  0x0800068c        0x0
                0x0800068c                . = ALIGN (0x4)
                0x0800068c                PROVIDE (__preinit_array_start = .)
 *(.preinit_array*)
                0x0800068c                PROVIDE (__preinit_array_end = .)
                0x0800068c                . = ALIGN (0x4)

.init_array     0x0800068c        0x8
                0x0800068c                . = ALIGN (0x4)
                0x0800068c                PROVIDE (__init_array_start = .)
 *(SORT_BY_NAME(.init_array.*))
 .init_array.00000
                0x0800068c        0x4 d:/gcc-arm-none-eabi-10.3-2021.10-win32/gcc-arm-none-eabi-10.3-2021.10/bin/../lib/gcc/arm-none-eabi/10.3.1/../../../../arm-none-eabi/lib/thumb/v7e-m/nofp\libg.a(lib_a-__call_atexit.o)
 *(.init_array*)
 .init_array    0x08000690        0x4 d:/gcc-arm-none-eabi-10.3-2021.10-win32/gcc-arm-none-eabi-10.3-2021.10/bin/../lib/gcc/arm-none-eabi/10.3.1/thumb/v7e-m/nofp/crtbegin.o
                0x08000694                PROVIDE (__init_array_end = .)
                0x08000694                . = ALIGN (0x4)

.fini_array     0x08000694        0x4
                0x08000694                . = ALIGN (0x4)
                0x08000694                PROVIDE (__fini_array_start = .)
 *(SORT_BY_NAME(.fini_array.*))
 *(.fini_array*)
 .fini_array    0x08000694        0x4 d:/gcc-arm-none-eabi-10.3-2021.10-win32/gcc-arm-none-eabi-10.3-2021.10/bin/../lib/gcc/arm-none-eabi/10.3.1/thumb/v7e-m/nofp/crtbegin.o
                0x08000698                PROVIDE (__fini_array_end = .)
                0x08000698                . = ALIGN (0x4)
                0x08000698                _sidata = LOADADDR (.data)

.data           0x20000000      0x42c load address 0x08000698
                0x20000000                . = ALIGN (0x4)
                0x20000000                _sdata = .
 *(.data)
 *(.data*)
 .data.impure_data
                0x20000000      0x428 d:/gcc-arm-none-eabi-10.3-2021.10-win32/gcc-arm-none-eabi-10.3-2021.10/bin/../lib/gcc/arm-none-eabi/10.3.1/../../../../arm-none-eabi/lib/thumb/v7e-m/nofp\libg.a(lib_a-impure.o)
 .data.__atexit_recursive_mutex
                0x20000428        0x4 d:/gcc-arm-none-eabi-10.3-2021.10-win32/gcc-arm-none-eabi-10.3-2021.10/bin/../lib/gcc/arm-none-eabi/10.3.1/../../../../arm-none-eabi/lib/thumb/v7e-m/nofp\libg.a(lib_a-__call_atexit.o)
                0x20000428                __atexit_recursive_mutex
 *(.RamFunc)
 *(.RamFunc*)
                0x2000042c                . = ALIGN (0x4)
                0x2000042c                _edata = .
                0x08000ac4                _siccmram = LOADADDR (.ccmram)

.igot.plt       0x2000042c        0x0 load address 0x08000ac4
 .igot.plt      0x2000042c        0x0 d:/gcc-arm-none-eabi-10.3-2021.10-win32/gcc-arm-none-eabi-10.3-2021.10/bin/../lib/gcc/arm-none-eabi/10.3.1/thumb/v7e-m/nofp/crtbegin.o

.ccmram         0x10000000        0x0 load address 0x08000ac4
                0x10000000                . = ALIGN (0x4)
                0x10000000                _sccmram = .
 *(.ccmram)
 *(.ccmram*)
                0x10000000                . = ALIGN (0x4)
                0x10000000                _eccmram = .
                0x10000000                . = ALIGN (0x4)

.bss            0x2000042c       0x20
                0x2000042c                _sbss = .
                0x2000042c                __bss_start__ = _sbss
 *(.bss)
 .bss           0x2000042c       0x1c d:/gcc-arm-none-eabi-10.3-2021.10-win32/gcc-arm-none-eabi-10.3-2021.10/bin/../lib/gcc/arm-none-eabi/10.3.1/thumb/v7e-m/nofp/crtbegin.o
 *(.bss*)
 .bss.__lock___atexit_recursive_mutex
                0x20000448        0x1 d:/gcc-arm-none-eabi-10.3-2021.10-win32/gcc-arm-none-eabi-10.3-2021.10/bin/../lib/gcc/arm-none-eabi/10.3.1/../../../../arm-none-eabi/lib/thumb/v7e-m/nofp\libg.a(lib_a-lock.o)
                0x20000448                __lock___atexit_recursive_mutex
 *(COMMON)
                0x2000044c                . = ALIGN (0x4)
 *fill*         0x20000449        0x3 
                0x2000044c                _ebss = .
                0x2000044c                __bss_end__ = _ebss

._user_heap_stack
                0x2000044c      0x604
                0x20000450                . = ALIGN (0x8)
 *fill*         0x2000044c        0x4 
                0x20000450                PROVIDE (end = .)
                [!provide]                PROVIDE (_end = .)
                0x20000650                . = (. + _Min_Heap_Size)
 *fill*         0x20000450      0x200 
                0x20000a50                . = (. + _Min_Stack_Size)
 *fill*         0x20000650      0x400 
                0x20000a50                . = ALIGN (0x8)

/DISCARD/
 libc.a(*)
 libm.a(*)
 libgcc.a(*)

.ARM.attributes
                0x00000000       0x2a
 *(.ARM.attributes)
 .ARM.attributes
                0x00000000       0x1e d:/gcc-arm-none-eabi-10.3-2021.10-win32/gcc-arm-none-eabi-10.3-2021.10/bin/../lib/gcc/arm-none-eabi/10.3.1/thumb/v7e-m/nofp/crti.o
 .ARM.attributes
                0x0000001e       0x2e d:/gcc-arm-none-eabi-10.3-2021.10-win32/gcc-arm-none-eabi-10.3-2021.10/bin/../lib/gcc/arm-none-eabi/10.3.1/thumb/v7e-m/nofp/crtbegin.o
 .ARM.attributes
                0x0000004c       0x21 CMakeFiles/STM32Project1.elf.dir/Libraries/CMSIS/Device/ST/STM32F4xx/Source/Templates/arm/startup_stm32f407zgtx.s.obj
 .ARM.attributes
                0x0000006d       0x2e CMakeFiles/STM32Project1.elf.dir/Libraries/CMSIS/Device/ST/STM32F4xx/Source/Templates/system_stm32f4xx.c.obj
 .ARM.attributes
                0x0000009b       0x2e CMakeFiles/STM32Project1.elf.dir/Libraries/STM32F4xx_StdPeriph_Driver/src/stm32f4xx_gpio.c.obj
 .ARM.attributes
                0x000000c9       0x2e CMakeFiles/STM32Project1.elf.dir/Libraries/STM32F4xx_StdPeriph_Driver/src/stm32f4xx_rcc.c.obj
 .ARM.attributes
                0x000000f7       0x2e CMakeFiles/STM32Project1.elf.dir/User/Source/bsp_led.c.obj
 .ARM.attributes
                0x00000125       0x2e CMakeFiles/STM32Project1.elf.dir/User/Source/main.c.obj
 .ARM.attributes
                0x00000153       0x2e CMakeFiles/STM32Project1.elf.dir/User/Source/stm32f4xx_it.c.obj
 .ARM.attributes
                0x00000181       0x2e d:/gcc-arm-none-eabi-10.3-2021.10-win32/gcc-arm-none-eabi-10.3-2021.10/bin/../lib/gcc/arm-none-eabi/10.3.1/../../../../arm-none-eabi/lib/thumb/v7e-m/nofp\libg.a(lib_a-impure.o)
 .ARM.attributes
                0x000001af       0x2e d:/gcc-arm-none-eabi-10.3-2021.10-win32/gcc-arm-none-eabi-10.3-2021.10/bin/../lib/gcc/arm-none-eabi/10.3.1/../../../../arm-none-eabi/lib/thumb/v7e-m/nofp\libg.a(lib_a-init.o)
 .ARM.attributes
                0x000001dd       0x2e d:/gcc-arm-none-eabi-10.3-2021.10-win32/gcc-arm-none-eabi-10.3-2021.10/bin/../lib/gcc/arm-none-eabi/10.3.1/../../../../arm-none-eabi/lib/thumb/v7e-m/nofp\libg.a(lib_a-__call_atexit.o)
 .ARM.attributes
                0x0000020b       0x2e d:/gcc-arm-none-eabi-10.3-2021.10-win32/gcc-arm-none-eabi-10.3-2021.10/bin/../lib/gcc/arm-none-eabi/10.3.1/../../../../arm-none-eabi/lib/thumb/v7e-m/nofp\libg.a(lib_a-atexit.o)
 .ARM.attributes
                0x00000239       0x2e d:/gcc-arm-none-eabi-10.3-2021.10-win32/gcc-arm-none-eabi-10.3-2021.10/bin/../lib/gcc/arm-none-eabi/10.3.1/../../../../arm-none-eabi/lib/thumb/v7e-m/nofp\libg.a(lib_a-fini.o)
 .ARM.attributes
                0x00000267       0x2e d:/gcc-arm-none-eabi-10.3-2021.10-win32/gcc-arm-none-eabi-10.3-2021.10/bin/../lib/gcc/arm-none-eabi/10.3.1/../../../../arm-none-eabi/lib/thumb/v7e-m/nofp\libg.a(lib_a-lock.o)
 .ARM.attributes
                0x00000295       0x2e d:/gcc-arm-none-eabi-10.3-2021.10-win32/gcc-arm-none-eabi-10.3-2021.10/bin/../lib/gcc/arm-none-eabi/10.3.1/../../../../arm-none-eabi/lib/thumb/v7e-m/nofp\libg.a(lib_a-__atexit.o)
 .ARM.attributes
                0x000002c3       0x1e d:/gcc-arm-none-eabi-10.3-2021.10-win32/gcc-arm-none-eabi-10.3-2021.10/bin/../lib/gcc/arm-none-eabi/10.3.1/thumb/v7e-m/nofp/crtn.o
OUTPUT(STM32Project1.elf elf32-littlearm)
LOAD linker stubs
LOAD d:/gcc-arm-none-eabi-10.3-2021.10-win32/gcc-arm-none-eabi-10.3-2021.10/bin/../lib/gcc/arm-none-eabi/10.3.1/../../../../arm-none-eabi/lib/thumb/v7e-m/nofp\libc.a
LOAD d:/gcc-arm-none-eabi-10.3-2021.10-win32/gcc-arm-none-eabi-10.3-2021.10/bin/../lib/gcc/arm-none-eabi/10.3.1/../../../../arm-none-eabi/lib/thumb/v7e-m/nofp\libm.a
LOAD d:/gcc-arm-none-eabi-10.3-2021.10-win32/gcc-arm-none-eabi-10.3-2021.10/bin/../lib/gcc/arm-none-eabi/10.3.1/thumb/v7e-m/nofp\libgcc.a

.debug_line     0x00000000     0x201e
 .debug_line    0x00000000       0xcf CMakeFiles/STM32Project1.elf.dir/Libraries/CMSIS/Device/ST/STM32F4xx/Source/Templates/arm/startup_stm32f407zgtx.s.obj
 .debug_line    0x000000cf      0x483 CMakeFiles/STM32Project1.elf.dir/Libraries/CMSIS/Device/ST/STM32F4xx/Source/Templates/system_stm32f4xx.c.obj
 .debug_line    0x00000552      0x5f6 CMakeFiles/STM32Project1.elf.dir/Libraries/STM32F4xx_StdPeriph_Driver/src/stm32f4xx_gpio.c.obj
 .debug_line    0x00000b48      0xd06 CMakeFiles/STM32Project1.elf.dir/Libraries/STM32F4xx_StdPeriph_Driver/src/stm32f4xx_rcc.c.obj
 .debug_line    0x0000184e      0x262 CMakeFiles/STM32Project1.elf.dir/User/Source/bsp_led.c.obj
 .debug_line    0x00001ab0      0x413 CMakeFiles/STM32Project1.elf.dir/User/Source/main.c.obj
 .debug_line    0x00001ec3      0x15b CMakeFiles/STM32Project1.elf.dir/User/Source/stm32f4xx_it.c.obj

.debug_info     0x00000000     0x26eb
 .debug_info    0x00000000       0x22 CMakeFiles/STM32Project1.elf.dir/Libraries/CMSIS/Device/ST/STM32F4xx/Source/Templates/arm/startup_stm32f407zgtx.s.obj
 .debug_info    0x00000022      0x661 CMakeFiles/STM32Project1.elf.dir/Libraries/CMSIS/Device/ST/STM32F4xx/Source/Templates/system_stm32f4xx.c.obj
 .debug_info    0x00000683      0x8b1 CMakeFiles/STM32Project1.elf.dir/Libraries/STM32F4xx_StdPeriph_Driver/src/stm32f4xx_gpio.c.obj
 .debug_info    0x00000f34     0x1007 CMakeFiles/STM32Project1.elf.dir/Libraries/STM32F4xx_StdPeriph_Driver/src/stm32f4xx_rcc.c.obj
 .debug_info    0x00001f3b      0x32f CMakeFiles/STM32Project1.elf.dir/User/Source/bsp_led.c.obj
 .debug_info    0x0000226a      0x373 CMakeFiles/STM32Project1.elf.dir/User/Source/main.c.obj
 .debug_info    0x000025dd      0x10e CMakeFiles/STM32Project1.elf.dir/User/Source/stm32f4xx_it.c.obj

.debug_abbrev   0x00000000      0x866
 .debug_abbrev  0x00000000       0x12 CMakeFiles/STM32Project1.elf.dir/Libraries/CMSIS/Device/ST/STM32F4xx/Source/Templates/arm/startup_stm32f407zgtx.s.obj
 .debug_abbrev  0x00000012      0x187 CMakeFiles/STM32Project1.elf.dir/Libraries/CMSIS/Device/ST/STM32F4xx/Source/Templates/system_stm32f4xx.c.obj
 .debug_abbrev  0x00000199      0x20e CMakeFiles/STM32Project1.elf.dir/Libraries/STM32F4xx_StdPeriph_Driver/src/stm32f4xx_gpio.c.obj
 .debug_abbrev  0x000003a7      0x204 CMakeFiles/STM32Project1.elf.dir/Libraries/STM32F4xx_StdPeriph_Driver/src/stm32f4xx_rcc.c.obj
 .debug_abbrev  0x000005ab      0x145 CMakeFiles/STM32Project1.elf.dir/User/Source/bsp_led.c.obj
 .debug_abbrev  0x000006f0      0x132 CMakeFiles/STM32Project1.elf.dir/User/Source/main.c.obj
 .debug_abbrev  0x00000822       0x44 CMakeFiles/STM32Project1.elf.dir/User/Source/stm32f4xx_it.c.obj

.debug_aranges  0x00000000      0x348
 .debug_aranges
                0x00000000       0x28 CMakeFiles/STM32Project1.elf.dir/Libraries/CMSIS/Device/ST/STM32F4xx/Source/Templates/arm/startup_stm32f407zgtx.s.obj
 .debug_aranges
                0x00000028       0x30 CMakeFiles/STM32Project1.elf.dir/Libraries/CMSIS/Device/ST/STM32F4xx/Source/Templates/system_stm32f4xx.c.obj
 .debug_aranges
                0x00000058       0x88 CMakeFiles/STM32Project1.elf.dir/Libraries/STM32F4xx_StdPeriph_Driver/src/stm32f4xx_gpio.c.obj
 .debug_aranges
                0x000000e0      0x1c0 CMakeFiles/STM32Project1.elf.dir/Libraries/STM32F4xx_StdPeriph_Driver/src/stm32f4xx_rcc.c.obj
 .debug_aranges
                0x000002a0       0x20 CMakeFiles/STM32Project1.elf.dir/User/Source/bsp_led.c.obj
 .debug_aranges
                0x000002c0       0x28 CMakeFiles/STM32Project1.elf.dir/User/Source/main.c.obj
 .debug_aranges
                0x000002e8       0x60 CMakeFiles/STM32Project1.elf.dir/User/Source/stm32f4xx_it.c.obj

.debug_str      0x00000000     0x1003
 .debug_str     0x00000000       0xb9 CMakeFiles/STM32Project1.elf.dir/Libraries/CMSIS/Device/ST/STM32F4xx/Source/Templates/arm/startup_stm32f407zgtx.s.obj
 .debug_str     0x000000b9      0x3ab CMakeFiles/STM32Project1.elf.dir/Libraries/CMSIS/Device/ST/STM32F4xx/Source/Templates/system_stm32f4xx.c.obj
                                0x453 (size before relaxing)
 .debug_str     0x00000464      0x363 CMakeFiles/STM32Project1.elf.dir/Libraries/STM32F4xx_StdPeriph_Driver/src/stm32f4xx_gpio.c.obj
                                0x522 (size before relaxing)
 .debug_str     0x000007c7      0x6cd CMakeFiles/STM32Project1.elf.dir/Libraries/STM32F4xx_StdPeriph_Driver/src/stm32f4xx_rcc.c.obj
                                0xa2d (size before relaxing)
 .debug_str     0x00000e94       0x57 CMakeFiles/STM32Project1.elf.dir/User/Source/bsp_led.c.obj
                                0x3b6 (size before relaxing)
 .debug_str     0x00000eeb       0x4f CMakeFiles/STM32Project1.elf.dir/User/Source/main.c.obj
                                0x266 (size before relaxing)
 .debug_str     0x00000f3a       0xc9 CMakeFiles/STM32Project1.elf.dir/User/Source/stm32f4xx_it.c.obj
                                0x24e (size before relaxing)

.debug_ranges   0x00000000      0x2e0
 .debug_ranges  0x00000000       0x20 CMakeFiles/STM32Project1.elf.dir/Libraries/CMSIS/Device/ST/STM32F4xx/Source/Templates/arm/startup_stm32f407zgtx.s.obj
 .debug_ranges  0x00000020       0x20 CMakeFiles/STM32Project1.elf.dir/Libraries/CMSIS/Device/ST/STM32F4xx/Source/Templates/system_stm32f4xx.c.obj
 .debug_ranges  0x00000040       0x78 CMakeFiles/STM32Project1.elf.dir/Libraries/STM32F4xx_StdPeriph_Driver/src/stm32f4xx_gpio.c.obj
 .debug_ranges  0x000000b8      0x1b0 CMakeFiles/STM32Project1.elf.dir/Libraries/STM32F4xx_StdPeriph_Driver/src/stm32f4xx_rcc.c.obj
 .debug_ranges  0x00000268       0x10 CMakeFiles/STM32Project1.elf.dir/User/Source/bsp_led.c.obj
 .debug_ranges  0x00000278       0x18 CMakeFiles/STM32Project1.elf.dir/User/Source/main.c.obj
 .debug_ranges  0x00000290       0x50 CMakeFiles/STM32Project1.elf.dir/User/Source/stm32f4xx_it.c.obj

.debug_loc      0x00000000     0x1115
 .debug_loc     0x00000000      0x158 CMakeFiles/STM32Project1.elf.dir/Libraries/CMSIS/Device/ST/STM32F4xx/Source/Templates/system_stm32f4xx.c.obj
 .debug_loc     0x00000158      0x417 CMakeFiles/STM32Project1.elf.dir/Libraries/STM32F4xx_StdPeriph_Driver/src/stm32f4xx_gpio.c.obj
 .debug_loc     0x0000056f      0xba6 CMakeFiles/STM32Project1.elf.dir/Libraries/STM32F4xx_StdPeriph_Driver/src/stm32f4xx_rcc.c.obj

.comment        0x00000000       0x49
 .comment       0x00000000       0x49 CMakeFiles/STM32Project1.elf.dir/Libraries/CMSIS/Device/ST/STM32F4xx/Source/Templates/system_stm32f4xx.c.obj
                                 0x4a (size before relaxing)
 .comment       0x00000049       0x4a CMakeFiles/STM32Project1.elf.dir/Libraries/STM32F4xx_StdPeriph_Driver/src/stm32f4xx_gpio.c.obj
 .comment       0x00000049       0x4a CMakeFiles/STM32Project1.elf.dir/Libraries/STM32F4xx_StdPeriph_Driver/src/stm32f4xx_rcc.c.obj
 .comment       0x00000049       0x4a CMakeFiles/STM32Project1.elf.dir/User/Source/bsp_led.c.obj
 .comment       0x00000049       0x4a CMakeFiles/STM32Project1.elf.dir/User/Source/main.c.obj
 .comment       0x00000049       0x4a CMakeFiles/STM32Project1.elf.dir/User/Source/stm32f4xx_it.c.obj

.debug_frame    0x00000000      0x7b8
 .debug_frame   0x00000000       0x54 CMakeFiles/STM32Project1.elf.dir/Libraries/CMSIS/Device/ST/STM32F4xx/Source/Templates/system_stm32f4xx.c.obj
 .debug_frame   0x00000054      0x118 CMakeFiles/STM32Project1.elf.dir/Libraries/STM32F4xx_StdPeriph_Driver/src/stm32f4xx_gpio.c.obj
 .debug_frame   0x0000016c      0x378 CMakeFiles/STM32Project1.elf.dir/Libraries/STM32F4xx_StdPeriph_Driver/src/stm32f4xx_rcc.c.obj
 .debug_frame   0x000004e4       0x34 CMakeFiles/STM32Project1.elf.dir/User/Source/bsp_led.c.obj
 .debug_frame   0x00000518       0x40 CMakeFiles/STM32Project1.elf.dir/User/Source/main.c.obj
 .debug_frame   0x00000558       0xa0 CMakeFiles/STM32Project1.elf.dir/User/Source/stm32f4xx_it.c.obj
 .debug_frame   0x000005f8       0x2c d:/gcc-arm-none-eabi-10.3-2021.10-win32/gcc-arm-none-eabi-10.3-2021.10/bin/../lib/gcc/arm-none-eabi/10.3.1/../../../../arm-none-eabi/lib/thumb/v7e-m/nofp\libg.a(lib_a-init.o)
 .debug_frame   0x00000624       0x5c d:/gcc-arm-none-eabi-10.3-2021.10-win32/gcc-arm-none-eabi-10.3-2021.10/bin/../lib/gcc/arm-none-eabi/10.3.1/../../../../arm-none-eabi/lib/thumb/v7e-m/nofp\libg.a(lib_a-__call_atexit.o)
 .debug_frame   0x00000680       0x20 d:/gcc-arm-none-eabi-10.3-2021.10-win32/gcc-arm-none-eabi-10.3-2021.10/bin/../lib/gcc/arm-none-eabi/10.3.1/../../../../arm-none-eabi/lib/thumb/v7e-m/nofp\libg.a(lib_a-atexit.o)
 .debug_frame   0x000006a0       0x34 d:/gcc-arm-none-eabi-10.3-2021.10-win32/gcc-arm-none-eabi-10.3-2021.10/bin/../lib/gcc/arm-none-eabi/10.3.1/../../../../arm-none-eabi/lib/thumb/v7e-m/nofp\libg.a(lib_a-fini.o)
 .debug_frame   0x000006d4       0xb0 d:/gcc-arm-none-eabi-10.3-2021.10-win32/gcc-arm-none-eabi-10.3-2021.10/bin/../lib/gcc/arm-none-eabi/10.3.1/../../../../arm-none-eabi/lib/thumb/v7e-m/nofp\libg.a(lib_a-lock.o)
 .debug_frame   0x00000784       0x34 d:/gcc-arm-none-eabi-10.3-2021.10-win32/gcc-arm-none-eabi-10.3-2021.10/bin/../lib/gcc/arm-none-eabi/10.3.1/../../../../arm-none-eabi/lib/thumb/v7e-m/nofp\libg.a(lib_a-__atexit.o)
